Not a function
test_function
test_function

####################
# Future Feature Flags
stderr-nocaret	off	3.0	^ no longer redirects stderr
qmark-noglob	off	3.0	? no longer globs
regex-easyesc	off	3.1	string replace -r needs fewer \'s
concurrent	off	3.2	Concurrent execution
1
2

####################
# Ensure $status isn't reset before a function is executed
1
0
